[LOG] Writing baseline log to baseline_run.log
[BASELINE] Connecting to compliance environment: https://mcqueenmater-env-corporate.hf.space
Running baseline for claim EXP-20004 (easy)...
[START] task=EASY env=corporate-compliance-env model=baseline-agent
[STEP] step=1 action=ResolveTicket reward=1.00 done=true decision=Escalate reason="Employee L7 (L7+): Senior Finance Review (Rule 14)"
[END] steps=1 grader_score=0.990 total_reward=1.000
Running baseline for claim EXP-20099 (hard)...
[START] task=HARD env=corporate-compliance-env model=baseline-agent
[STEP] step=1 action=SearchPolicy reward=-0.05 done=false query="policy"
[STEP] step=2 action=RequestInformation reward=0.10 done=false message="Please provide gst_invoice"
[STEP] step=3 action=ResolveTicket reward=-1.00 done=true decision=Approve reason="No policy violation detected"
[END] steps=3 grader_score=0.350 total_reward=-0.950
Running baseline for claim EXP-20032 (easy)...
[START] task=EASY env=corporate-compliance-env model=baseline-agent
[STEP] step=1 action=ResolveTicket reward=1.00 done=true decision=Escalate reason="Employee L8 (L7+): Senior Finance Review (Rule 14)"
[END] steps=1 grader_score=0.990 total_reward=1.000
Running baseline for claim EXP-20107 (hard)...
[START] task=HARD env=corporate-compliance-env model=baseline-agent
[STEP] step=1 action=ResolveTicket reward=0.70 done=true decision=Escalate reason="Employee L8 (L7+): Senior Finance Review (Rule 14)"
[END] steps=1 grader_score=0.150 total_reward=0.700
Running baseline for claim EXP-20087 (hard)...
[START] task=HARD env=corporate-compliance-env model=baseline-agent
[STEP] step=1 action=SearchPolicy reward=0.15 done=false query="meal"
[STEP] step=2 action=RequestInformation reward=0.10 done=false message="Please provide manager_approval"
[STEP] step=3 action=ResolveTicket reward=1.00 done=true decision=Approve reason="Large meal with documents (Rule 3)"
[END] steps=3 grader_score=0.990 total_reward=1.250
Running baseline for claim EXP-20091 (hard)...
[START] task=HARD env=corporate-compliance-env model=baseline-agent
[STEP] step=1 action=SearchPolicy reward=-0.05 done=false query="policy"
[STEP] step=2 action=RequestInformation reward=0.20 done=false message="Please provide manager_approval"
[STEP] step=3 action=ResolveTicket reward=1.00 done=true decision=Approve reason="No policy violation detected"
[END] steps=3 grader_score=0.400 total_reward=1.150
Running baseline for claim EXP-20052 (medium)...
[START] task=MEDIUM env=corporate-compliance-env model=baseline-agent
[STEP] step=1 action=SearchPolicy reward=0.15 done=false query="meal"
[STEP] step=2 action=ResolveTicket reward=1.00 done=true decision=Approve reason="Large meal with documents (Rule 3)"
[END] steps=2 grader_score=0.990 total_reward=1.150
Running baseline for claim EXP-20020 (easy)...
[START] task=EASY env=corporate-compliance-env model=baseline-agent
[STEP] step=1 action=ResolveTicket reward=1.00 done=true decision=Approve reason="Meal Rs501.0 receipt=yes (Rule 2)"
[END] steps=1 grader_score=0.990 total_reward=1.000
Running baseline for claim EXP-20080 (medium)...
[START] task=MEDIUM env=corporate-compliance-env model=baseline-agent
[STEP] step=1 action=SearchPolicy reward=-0.05 done=false query="policy"
[STEP] step=2 action=RequestInformation reward=0.10 done=false message="Please provide gst_invoice"
[STEP] step=3 action=ResolveTicket reward=-1.00 done=true decision=Approve reason="No policy violation detected"
[END] steps=3 grader_score=0.350 total_reward=-0.950
Running baseline for claim EXP-20072 (medium)...
[START] task=MEDIUM env=corporate-compliance-env model=baseline-agent
[STEP] step=1 action=SearchPolicy reward=0.15 done=false query="meal"
[STEP] step=2 action=ResolveTicket reward=1.00 done=true decision=Approve reason="Large meal with documents (Rule 3)"
[END] steps=2 grader_score=0.990 total_reward=1.150
Running baseline for claim EXP-20027 (easy)...
[START] task=EASY env=corporate-compliance-env model=baseline-agent
[STEP] step=1 action=ResolveTicket reward=1.00 done=true decision=Reject reason="Meal Rs1200.0 receipt=no (Rule 2)"
[END] steps=1 grader_score=0.990 total_reward=1.000
Running baseline for claim EXP-20082 (hard)...
[START] task=HARD env=corporate-compliance-env model=baseline-agent
[STEP] step=1 action=SearchPolicy reward=0.15 done=false query="meal"
[STEP] step=2 action=RequestInformation reward=0.10 done=false message="Please provide manager_approval"
[STEP] step=3 action=ResolveTicket reward=1.00 done=true decision=Approve reason="Large meal with documents (Rule 3)"
[END] steps=3 grader_score=0.990 total_reward=1.250
Running baseline for claim EXP-20075 (medium)...
[START] task=MEDIUM env=corporate-compliance-env model=baseline-agent
[STEP] step=1 action=SearchPolicy reward=-0.05 done=false query="policy"
[STEP] step=2 action=RequestInformation reward=0.10 done=false message="Please provide gst_invoice"
[STEP] step=3 action=ResolveTicket reward=-1.00 done=true decision=Approve reason="No policy violation detected"
[END] steps=3 grader_score=0.350 total_reward=-0.950
Running baseline for claim EXP-20040 (easy)...
[START] task=EASY env=corporate-compliance-env model=baseline-agent
[STEP] step=1 action=ResolveTicket reward=1.00 done=true decision=Approve reason="Meal Rs501.0 receipt=yes (Rule 2)"
[END] steps=1 grader_score=0.990 total_reward=1.000
Running baseline for claim EXP-20092 (hard)...
[START] task=HARD env=corporate-compliance-env model=baseline-agent
[STEP] step=1 action=SearchPolicy reward=0.15 done=false query="meal"
[STEP] step=2 action=RequestInformation reward=0.10 done=false message="Please provide manager_approval"
[STEP] step=3 action=ResolveTicket reward=1.00 done=true decision=Approve reason="Large meal with documents (Rule 3)"
[END] steps=3 grader_score=0.990 total_reward=1.250
Running baseline for claim EXP-20025 (easy)...
[START] task=EASY env=corporate-compliance-env model=baseline-agent
[STEP] step=1 action=ResolveTicket reward=1.00 done=true decision=Approve reason="Meal Rs501.0 receipt=yes (Rule 2)"
[END] steps=1 grader_score=0.990 total_reward=1.000
Running baseline for claim EXP-20023 (easy)...
[START] task=EASY env=corporate-compliance-env model=baseline-agent
[STEP] step=1 action=ResolveTicket reward=-1.00 done=true decision=Escalate reason="Employee L7 (L7+): Senior Finance Review (Rule 14)"
[END] steps=1 grader_score=0.450 total_reward=-1.000
Running baseline for claim EXP-20045 (medium)...
[START] task=MEDIUM env=corporate-compliance-env model=baseline-agent
[STEP] step=1 action=SearchPolicy reward=-0.05 done=false query="policy"
[STEP] step=2 action=RequestInformation reward=0.10 done=false message="Please provide gst_invoice"
[STEP] step=3 action=ResolveTicket reward=-1.00 done=true decision=Approve reason="No policy violation detected"
[END] steps=3 grader_score=0.350 total_reward=-0.950
Running baseline for claim EXP-20001 (easy)...
[START] task=EASY env=corporate-compliance-env model=baseline-agent
[STEP] step=1 action=ResolveTicket reward=1.00 done=true decision=Approve reason="Meal under Rs500 (Rule 1)"
[END] steps=1 grader_score=0.990 total_reward=1.000
Running baseline for claim EXP-20057 (medium)...
[START] task=MEDIUM env=corporate-compliance-env model=baseline-agent
[STEP] step=1 action=ResolveTicket reward=0.75 done=true decision=Escalate reason="Employee L8 (L7+): Senior Finance Review (Rule 14)"
[END] steps=1 grader_score=0.200 total_reward=0.750
Running baseline for claim EXP-20105 (hard)...
[START] task=HARD env=corporate-compliance-env model=baseline-agent
[STEP] step=1 action=ResolveTicket reward=-1.00 done=true decision=Escalate reason="Employee L7 (L7+): Senior Finance Review (Rule 14)"
[END] steps=1 grader_score=0.150 total_reward=-1.000
Running baseline for claim EXP-20030 (easy)...
[START] task=EASY env=corporate-compliance-env model=baseline-agent
[STEP] step=1 action=ResolveTicket reward=1.00 done=true decision=Approve reason="Meal Rs500.0 receipt=yes (Rule 2)"
[END] steps=1 grader_score=0.990 total_reward=1.000
Running baseline for claim EXP-20036 (easy)...
[START] task=EASY env=corporate-compliance-env model=baseline-agent
[STEP] step=1 action=ResolveTicket reward=1.00 done=true decision=Approve reason="Meal under Rs500 (Rule 1)"
[END] steps=1 grader_score=0.990 total_reward=1.000
Running baseline for claim EXP-20028 (easy)...
[START] task=EASY env=corporate-compliance-env model=baseline-agent
[STEP] step=1 action=ResolveTicket reward=-1.00 done=true decision=Escalate reason="Employee L7 (L7+): Senior Finance Review (Rule 14)"
[END] steps=1 grader_score=0.450 total_reward=-1.000
Running baseline for claim EXP-20095 (hard)...
[START] task=HARD env=corporate-compliance-env model=baseline-agent
[STEP] step=1 action=ResolveTicket reward=0.85 done=true decision=Reject reason="Personal expense (Rule 15)"
[END] steps=1 grader_score=0.150 total_reward=0.850
Running baseline for claim EXP-20088 (hard)...
[START] task=HARD env=corporate-compliance-env model=baseline-agent
[STEP] step=1 action=ResolveTicket reward=0.85 done=true decision=Escalate reason="Employee L7 (L7+): Senior Finance Review (Rule 14)"
[END] steps=1 grader_score=0.150 total_reward=0.850
Running baseline for claim EXP-20108 (hard)...
[START] task=HARD env=corporate-compliance-env model=baseline-agent
[STEP] step=1 action=ResolveTicket reward=0.85 done=true decision=Escalate reason="Employee L7 (L7+): Senior Finance Review (Rule 14)"
[END] steps=1 grader_score=0.150 total_reward=0.850
Running baseline for claim EXP-20117 (hard)...
[START] task=HARD env=corporate-compliance-env model=baseline-agent
[STEP] step=1 action=SearchPolicy reward=0.15 done=false query="meal"
[STEP] step=2 action=RequestInformation reward=0.10 done=false message="Please provide manager_approval"
[STEP] step=3 action=ResolveTicket reward=1.00 done=true decision=Approve reason="Large meal with documents (Rule 3)"
[END] steps=3 grader_score=0.990 total_reward=1.250
Running baseline for claim EXP-20058 (medium)...
[START] task=MEDIUM env=corporate-compliance-env model=baseline-agent
[STEP] step=1 action=SearchPolicy reward=0.15 done=false query="cab"
[STEP] step=2 action=ResolveTicket reward=1.00 done=true decision=Approve reason="Late-night cab (Rule 6)"
[END] steps=2 grader_score=0.990 total_reward=1.150
Running baseline for claim EXP-20068 (medium)...
[START] task=MEDIUM env=corporate-compliance-env model=baseline-agent
[STEP] step=1 action=SearchPolicy reward=0.15 done=false query="cab"
[STEP] step=2 action=ResolveTicket reward=1.00 done=true decision=Approve reason="Late-night cab (Rule 6)"
[END] steps=2 grader_score=0.990 total_reward=1.150
Running baseline for claim EXP-20063 (medium)...
[START] task=MEDIUM env=corporate-compliance-env model=baseline-agent
[STEP] step=1 action=ResolveTicket reward=0.75 done=true decision=Escalate reason="Employee L8 (L7+): Senior Finance Review (Rule 14)"
[END] steps=1 grader_score=0.200 total_reward=0.750
Running baseline for claim EXP-20012 (easy)...
[START] task=EASY env=corporate-compliance-env model=baseline-agent
[STEP] step=1 action=ResolveTicket reward=1.00 done=true decision=Reject reason="Meal Rs750.0 receipt=no (Rule 2)"
[END] steps=1 grader_score=0.990 total_reward=1.000
Running baseline for claim EXP-20065 (medium)...
[START] task=MEDIUM env=corporate-compliance-env model=baseline-agent
[STEP] step=1 action=ResolveTicket reward=0.75 done=true decision=Escalate reason="Employee L8 (L7+): Senior Finance Review (Rule 14)"
[END] steps=1 grader_score=0.200 total_reward=0.750
Running baseline for claim EXP-20118 (hard)...
[START] task=HARD env=corporate-compliance-env model=baseline-agent
[STEP] step=1 action=ResolveTicket reward=0.85 done=true decision=Escalate reason="Employee L8 (L7+): Senior Finance Review (Rule 14)"
[END] steps=1 grader_score=0.150 total_reward=0.850
Running baseline for claim EXP-20062 (medium)...
[START] task=MEDIUM env=corporate-compliance-env model=baseline-agent
[STEP] step=1 action=SearchPolicy reward=0.15 done=false query="meal"
[STEP] step=2 action=ResolveTicket reward=1.00 done=true decision=Approve reason="Meal Rs1999.0 receipt=yes (Rule 2)"
[END] steps=2 grader_score=0.990 total_reward=1.150
Running baseline for claim EXP-20090 (hard)...
[START] task=HARD env=corporate-compliance-env model=baseline-agent
[STEP] step=1 action=ResolveTicket reward=0.85 done=true decision=Reject reason="Personal expense (Rule 15)"
[END] steps=1 grader_score=0.150 total_reward=0.850
Running baseline for claim EXP-20034 (easy)...
[START] task=EASY env=corporate-compliance-env model=baseline-agent
[STEP] step=1 action=ResolveTicket reward=1.00 done=true decision=Escalate reason="Employee L8 (L7+): Senior Finance Review (Rule 14)"
[END] steps=1 grader_score=0.990 total_reward=1.000
Running baseline for claim EXP-20104 (hard)...
[START] task=HARD env=corporate-compliance-env model=baseline-agent
[STEP] step=1 action=SearchPolicy reward=-0.05 done=false query="policy"
[STEP] step=2 action=RequestInformation reward=0.10 done=false message="Please provide gst_invoice"
[STEP] step=3 action=ResolveTicket reward=-1.00 done=true decision=Approve reason="No policy violation detected"
[END] steps=3 grader_score=0.350 total_reward=-0.950
Running baseline for claim EXP-20015 (easy)...
[START] task=EASY env=corporate-compliance-env model=baseline-agent
[STEP] step=1 action=ResolveTicket reward=1.00 done=true decision=Escalate reason="Employee L7 (L7+): Senior Finance Review (Rule 14)"
[END] steps=1 grader_score=0.990 total_reward=1.000
Running baseline for claim EXP-20089 (hard)...
[START] task=HARD env=corporate-compliance-env model=baseline-agent
[STEP] step=1 action=SearchPolicy reward=-0.05 done=false query="policy"
[STEP] step=2 action=RequestInformation reward=0.10 done=false message="Please provide gst_invoice"
[STEP] step=3 action=ResolveTicket reward=-1.00 done=true decision=Approve reason="No policy violation detected"
[END] steps=3 grader_score=0.350 total_reward=-0.950
Running baseline for claim EXP-20119 (hard)...
[START] task=HARD env=corporate-compliance-env model=baseline-agent
[STEP] step=1 action=SearchPolicy reward=-0.05 done=false query="policy"
[STEP] step=2 action=RequestInformation reward=0.10 done=false message="Please provide gst_invoice"
[STEP] step=3 action=ResolveTicket reward=-1.00 done=true decision=Approve reason="No policy violation detected"
[END] steps=3 grader_score=0.350 total_reward=-0.950
Running baseline for claim EXP-20071 (medium)...
[START] task=MEDIUM env=corporate-compliance-env model=baseline-agent
[STEP] step=1 action=ResolveTicket reward=0.75 done=true decision=Escalate reason="Employee L7 (L7+): Senior Finance Review (Rule 14)"
[END] steps=1 grader_score=0.200 total_reward=0.750
Running baseline for claim EXP-20051 (medium)...
[START] task=MEDIUM env=corporate-compliance-env model=baseline-agent
[STEP] step=1 action=SearchPolicy reward=0.15 done=false query="daytime cab"
[STEP] step=2 action=RequestInformation reward=0.10 done=false message="Please provide manager_approval"
[STEP] step=3 action=ResolveTicket reward=-1.00 done=true decision=Approve reason="Daytime cab with manager note (Rule 7)"
[END] steps=3 grader_score=0.350 total_reward=-0.750
Running baseline for claim EXP-20039 (easy)...
[START] task=EASY env=corporate-compliance-env model=baseline-agent
[STEP] step=1 action=ResolveTicket reward=1.00 done=true decision=Escalate reason="Employee L8 (L7+): Senior Finance Review (Rule 14)"
[END] steps=1 grader_score=0.990 total_reward=1.000
Running baseline for claim EXP-20097 (hard)...
[START] task=HARD env=corporate-compliance-env model=baseline-agent
[STEP] step=1 action=SearchPolicy reward=0.15 done=false query="meal"
[STEP] step=2 action=RequestInformation reward=0.10 done=false message="Please provide manager_approval"
[STEP] step=3 action=ResolveTicket reward=1.00 done=true decision=Approve reason="Large meal with documents (Rule 3)"
[END] steps=3 grader_score=0.990 total_reward=1.250
Running baseline for claim EXP-20002 (easy)...
[START] task=EASY env=corporate-compliance-env model=baseline-agent
[STEP] step=1 action=ResolveTicket reward=1.00 done=true decision=Escalate reason="Employee L8 (L7+): Senior Finance Review (Rule 14)"
[END] steps=1 grader_score=0.990 total_reward=1.000
Running baseline for claim EXP-20120 (hard)...
[START] task=HARD env=corporate-compliance-env model=baseline-agent
[STEP] step=1 action=ResolveTicket reward=-1.00 done=true decision=Escalate reason="Employee L8 (L7+): Senior Finance Review (Rule 14)"
[END] steps=1 grader_score=0.150 total_reward=-1.000
Running baseline for claim EXP-20056 (medium)...
[START] task=MEDIUM env=corporate-compliance-env model=baseline-agent
[STEP] step=1 action=ResolveTicket reward=0.75 done=true decision=Escalate reason="Employee L7 (L7+): Senior Finance Review (Rule 14)"
[END] steps=1 grader_score=0.200 total_reward=0.750
Running baseline for claim EXP-20013 (easy)...
[START] task=EASY env=corporate-compliance-env model=baseline-agent
[STEP] step=1 action=ResolveTicket reward=-1.00 done=true decision=Escalate reason="Employee L8 (L7+): Senior Finance Review (Rule 14)"
[END] steps=1 grader_score=0.450 total_reward=-1.000
Running baseline for claim EXP-20103 (hard)...
[START] task=HARD env=corporate-compliance-env model=baseline-agent
[STEP] step=1 action=ResolveTicket reward=0.85 done=true decision=Escalate reason="Employee L8 (L7+): Senior Finance Review (Rule 14)"
[END] steps=1 grader_score=0.150 total_reward=0.850
Running baseline for claim EXP-20031 (easy)...
[START] task=EASY env=corporate-compliance-env model=baseline-agent
[STEP] step=1 action=ResolveTicket reward=1.00 done=true decision=Approve reason="Meal under Rs500 (Rule 1)"
[END] steps=1 grader_score=0.990 total_reward=1.000
Running baseline for claim EXP-20014 (easy)...
[START] task=EASY env=corporate-compliance-env model=baseline-agent
[STEP] step=1 action=ResolveTicket reward=1.00 done=true decision=Escalate reason="Employee L8 (L7+): Senior Finance Review (Rule 14)"
[END] steps=1 grader_score=0.990 total_reward=1.000
Running baseline for claim EXP-20006 (easy)...
[START] task=EASY env=corporate-compliance-env model=baseline-agent
[STEP] step=1 action=ResolveTicket reward=1.00 done=true decision=Approve reason="Meal under Rs500 (Rule 1)"
[END] steps=1 grader_score=0.990 total_reward=1.000
Running baseline for claim EXP-20046 (medium)...
[START] task=MEDIUM env=corporate-compliance-env model=baseline-agent
[STEP] step=1 action=SearchPolicy reward=0.15 done=false query="daytime cab"
[STEP] step=2 action=RequestInformation reward=0.10 done=false message="Please provide manager_approval"
[STEP] step=3 action=ResolveTicket reward=-1.00 done=true decision=Approve reason="Daytime cab with manager note (Rule 7)"
[END] steps=3 grader_score=0.350 total_reward=-0.750
Running baseline for claim EXP-20009 (easy)...
[START] task=EASY env=corporate-compliance-env model=baseline-agent
[STEP] step=1 action=ResolveTicket reward=1.00 done=true decision=Escalate reason="Employee L7 (L7+): Senior Finance Review (Rule 14)"
[END] steps=1 grader_score=0.990 total_reward=1.000
Running baseline for claim EXP-20018 (easy)...
[START] task=EASY env=corporate-compliance-env model=baseline-agent
[STEP] step=1 action=ResolveTicket reward=1.00 done=true decision=Reject reason="Alcohol prohibited (Rule 4)"
[END] steps=1 grader_score=0.990 total_reward=1.000
Running baseline for claim EXP-20024 (easy)...
[START] task=EASY env=corporate-compliance-env model=baseline-agent
[STEP] step=1 action=ResolveTicket reward=1.00 done=true decision=Escalate reason="Employee L8 (L7+): Senior Finance Review (Rule 14)"
[END] steps=1 grader_score=0.990 total_reward=1.000
Running baseline for claim EXP-20033 (easy)...
[START] task=EASY env=corporate-compliance-env model=baseline-agent
[STEP] step=1 action=ResolveTicket reward=-1.00 done=true decision=Escalate reason="Employee L7 (L7+): Senior Finance Review (Rule 14)"
[END] steps=1 grader_score=0.450 total_reward=-1.000
Running baseline for claim EXP-20016 (easy)...
[START] task=EASY env=corporate-compliance-env model=baseline-agent
[STEP] step=1 action=ResolveTicket reward=1.00 done=true decision=Escalate reason="Employee L7 (L7+): Senior Finance Review (Rule 14)"
[END] steps=1 grader_score=0.990 total_reward=1.000
Running baseline for claim EXP-20074 (medium)...
[START] task=MEDIUM env=corporate-compliance-env model=baseline-agent
[STEP] step=1 action=SearchPolicy reward=-0.05 done=false query="policy"
[STEP] step=2 action=ResolveTicket reward=-1.00 done=true decision=Approve reason="No policy violation detected"
[END] steps=2 grader_score=0.200 total_reward=-1.050
Running baseline for claim EXP-20048 (medium)...
[START] task=MEDIUM env=corporate-compliance-env model=baseline-agent
[STEP] step=1 action=ResolveTicket reward=0.75 done=true decision=Escalate reason="Employee L8 (L7+): Senior Finance Review (Rule 14)"
[END] steps=1 grader_score=0.200 total_reward=0.750
Running baseline for claim EXP-20094 (hard)...
[START] task=HARD env=corporate-compliance-env model=baseline-agent
[STEP] step=1 action=SearchPolicy reward=-0.05 done=false query="policy"
[STEP] step=2 action=RequestInformation reward=0.10 done=false message="Please provide gst_invoice"
[STEP] step=3 action=ResolveTicket reward=-1.00 done=true decision=Approve reason="No policy violation detected"
[END] steps=3 grader_score=0.350 total_reward=-0.950
Running baseline for claim EXP-20061 (medium)...
[START] task=MEDIUM env=corporate-compliance-env model=baseline-agent
[STEP] step=1 action=ResolveTicket reward=0.75 done=true decision=Escalate reason="Employee L7 (L7+): Senior Finance Review (Rule 14)"
[END] steps=1 grader_score=0.200 total_reward=0.750
Running baseline for claim EXP-20111 (hard)...
[START] task=HARD env=corporate-compliance-env model=baseline-agent
[STEP] step=1 action=ResolveTicket reward=0.40 done=true decision=Escalate reason="Employee L7 (L7+): Senior Finance Review (Rule 14)"
[END] steps=1 grader_score=0.150 total_reward=0.400
Running baseline for claim EXP-20093 (hard)...
[START] task=HARD env=corporate-compliance-env model=baseline-agent
[STEP] step=1 action=ResolveTicket reward=0.85 done=true decision=Escalate reason="Employee L7 (L7+): Senior Finance Review (Rule 14)"
[END] steps=1 grader_score=0.150 total_reward=0.850
Running baseline for claim EXP-20077 (medium)...
[START] task=MEDIUM env=corporate-compliance-env model=baseline-agent
[STEP] step=1 action=SearchPolicy reward=0.15 done=false query="meal"
[STEP] step=2 action=ResolveTicket reward=1.00 done=true decision=Approve reason="Large meal with documents (Rule 3)"
[END] steps=2 grader_score=0.990 total_reward=1.150
Running baseline for claim EXP-20101 (hard)...
[START] task=HARD env=corporate-compliance-env model=baseline-agent
[STEP] step=1 action=SearchPolicy reward=-0.05 done=false query="policy"
[STEP] step=2 action=RequestInformation reward=0.20 done=false message="Please provide manager_approval"
[STEP] step=3 action=ResolveTicket reward=1.00 done=true decision=Approve reason="No policy violation detected"
[END] steps=3 grader_score=0.400 total_reward=1.150
Running baseline for claim EXP-20037 (easy)...
[START] task=EASY env=corporate-compliance-env model=baseline-agent
[STEP] step=1 action=ResolveTicket reward=1.00 done=true decision=Reject reason="Meal Rs501.0 receipt=no (Rule 2)"
[END] steps=1 grader_score=0.990 total_reward=1.000
Running baseline for claim EXP-20064 (medium)...
[START] task=MEDIUM env=corporate-compliance-env model=baseline-agent
[STEP] step=1 action=SearchPolicy reward=-0.05 done=false query="policy"
[STEP] step=2 action=ResolveTicket reward=-1.00 done=true decision=Approve reason="No policy violation detected"
[END] steps=2 grader_score=0.200 total_reward=-1.050
Running baseline for claim EXP-20042 (medium)...
[START] task=MEDIUM env=corporate-compliance-env model=baseline-agent
[STEP] step=1 action=SearchPolicy reward=0.15 done=false query="meal"
[STEP] step=2 action=ResolveTicket reward=1.00 done=true decision=Approve reason="Large meal with documents (Rule 3)"
[END] steps=2 grader_score=0.990 total_reward=1.150
Running baseline for claim EXP-20035 (easy)...
[START] task=EASY env=corporate-compliance-env model=baseline-agent
[STEP] step=1 action=ResolveTicket reward=1.00 done=true decision=Approve reason="Meal Rs500.0 receipt=yes (Rule 2)"
[END] steps=1 grader_score=0.990 total_reward=1.000
Running baseline for claim EXP-20041 (medium)...
[START] task=MEDIUM env=corporate-compliance-env model=baseline-agent
[STEP] step=1 action=SearchPolicy reward=0.15 done=false query="daytime cab"
[STEP] step=2 action=RequestInformation reward=0.10 done=false message="Please provide manager_approval"
[STEP] step=3 action=ResolveTicket reward=-1.00 done=true decision=Approve reason="Daytime cab with manager note (Rule 7)"
[END] steps=3 grader_score=0.350 total_reward=-0.750
Running baseline for claim EXP-20026 (easy)...
[START] task=EASY env=corporate-compliance-env model=baseline-agent
[STEP] step=1 action=ResolveTicket reward=1.00 done=true decision=Approve reason="Meal under Rs500 (Rule 1)"
[END] steps=1 grader_score=0.990 total_reward=1.000
Running baseline for claim EXP-20047 (medium)...
[START] task=MEDIUM env=corporate-compliance-env model=baseline-agent
[STEP] step=1 action=SearchPolicy reward=0.15 done=false query="meal"
[STEP] step=2 action=ResolveTicket reward=1.00 done=true decision=Approve reason="Large meal with documents (Rule 3)"
[END] steps=2 grader_score=0.990 total_reward=1.150
Running baseline for claim EXP-20029 (easy)...
[START] task=EASY env=corporate-compliance-env model=baseline-agent
[STEP] step=1 action=ResolveTicket reward=1.00 done=true decision=Escalate reason="Employee L8 (L7+): Senior Finance Review (Rule 14)"
[END] steps=1 grader_score=0.990 total_reward=1.000
Running baseline for claim EXP-20110 (hard)...
[START] task=HARD env=corporate-compliance-env model=baseline-agent
[STEP] step=1 action=ResolveTicket reward=-1.00 done=true decision=Escalate reason="Employee L7 (L7+): Senior Finance Review (Rule 14)"
[END] steps=1 grader_score=0.150 total_reward=-1.000
Running baseline for claim EXP-20019 (easy)...
[START] task=EASY env=corporate-compliance-env model=baseline-agent
[STEP] step=1 action=ResolveTicket reward=1.00 done=true decision=Escalate reason="Employee L8 (L7+): Senior Finance Review (Rule 14)"
[END] steps=1 grader_score=0.990 total_reward=1.000
Running baseline for claim EXP-20114 (hard)...
[START] task=HARD env=corporate-compliance-env model=baseline-agent
[STEP] step=1 action=SearchPolicy reward=-0.05 done=false query="policy"
[STEP] step=2 action=RequestInformation reward=0.10 done=false message="Please provide gst_invoice"
[STEP] step=3 action=ResolveTicket reward=-1.00 done=true decision=Approve reason="No policy violation detected"
[END] steps=3 grader_score=0.350 total_reward=-0.950
Running baseline for claim EXP-20017 (easy)...
[START] task=EASY env=corporate-compliance-env model=baseline-agent
[STEP] step=1 action=ResolveTicket reward=1.00 done=true decision=Reject reason="Meal Rs501.0 receipt=no (Rule 2)"
[END] steps=1 grader_score=0.990 total_reward=1.000
Running baseline for claim EXP-20070 (medium)...
[START] task=MEDIUM env=corporate-compliance-env model=baseline-agent
[STEP] step=1 action=SearchPolicy reward=-0.05 done=false query="policy"
[STEP] step=2 action=RequestInformation reward=0.10 done=false message="Please provide gst_invoice"
[STEP] step=3 action=ResolveTicket reward=-1.00 done=true decision=Approve reason="No policy violation detected"
[END] steps=3 grader_score=0.350 total_reward=-0.950
Running baseline for claim EXP-20022 (easy)...
[START] task=EASY env=corporate-compliance-env model=baseline-agent
[STEP] step=1 action=ResolveTicket reward=1.00 done=true decision=Escalate reason="Employee L8 (L7+): Senior Finance Review (Rule 14)"
[END] steps=1 grader_score=0.990 total_reward=1.000
Running baseline for claim EXP-20073 (medium)...
[START] task=MEDIUM env=corporate-compliance-env model=baseline-agent
[STEP] step=1 action=SearchPolicy reward=0.15 done=false query="cab"
[STEP] step=2 action=ResolveTicket reward=1.00 done=true decision=Approve reason="Late-night cab (Rule 6)"
[END] steps=2 grader_score=0.990 total_reward=1.150
Running baseline for claim EXP-20112 (hard)...
[START] task=HARD env=corporate-compliance-env model=baseline-agent
[STEP] step=1 action=ResolveTicket reward=0.70 done=true decision=Escalate reason="Employee L8 (L7+): Senior Finance Review (Rule 14)"
[END] steps=1 grader_score=0.150 total_reward=0.700
Running baseline for claim EXP-20066 (medium)...
[START] task=MEDIUM env=corporate-compliance-env model=baseline-agent
[STEP] step=1 action=SearchPolicy reward=0.15 done=false query="daytime cab"
[STEP] step=2 action=RequestInformation reward=0.10 done=false message="Please provide manager_approval"
[STEP] step=3 action=ResolveTicket reward=-1.00 done=true decision=Approve reason="Daytime cab with manager note (Rule 7)"
[END] steps=3 grader_score=0.350 total_reward=-0.750
Running baseline for claim EXP-20086 (hard)...
[START] task=HARD env=corporate-compliance-env model=baseline-agent
[STEP] step=1 action=SearchPolicy reward=-0.05 done=false query="policy"
[STEP] step=2 action=RequestInformation reward=0.20 done=false message="Please provide manager_approval"
[STEP] step=3 action=ResolveTicket reward=1.00 done=true decision=Approve reason="No policy violation detected"
[END] steps=3 grader_score=0.400 total_reward=1.150
Running baseline for claim EXP-20109 (hard)...
[START] task=HARD env=corporate-compliance-env model=baseline-agent
[STEP] step=1 action=SearchPolicy reward=-0.05 done=false query="policy"
[STEP] step=2 action=RequestInformation reward=0.10 done=false message="Please provide gst_invoice"
[STEP] step=3 action=ResolveTicket reward=-1.00 done=true decision=Approve reason="No policy violation detected"
[END] steps=3 grader_score=0.350 total_reward=-0.950
Running baseline for claim EXP-20106 (hard)...
[START] task=HARD env=corporate-compliance-env model=baseline-agent
[STEP] step=1 action=SearchPolicy reward=-0.05 done=false query="policy"
[STEP] step=2 action=RequestInformation reward=0.20 done=false message="Please provide manager_approval"
[STEP] step=3 action=ResolveTicket reward=1.00 done=true decision=Approve reason="No policy violation detected"
[END] steps=3 grader_score=0.400 total_reward=1.150
Running baseline for claim EXP-20096 (hard)...
[START] task=HARD env=corporate-compliance-env model=baseline-agent
[STEP] step=1 action=ResolveTicket reward=0.40 done=true decision=Escalate reason="Employee L8 (L7+): Senior Finance Review (Rule 14)"
[END] steps=1 grader_score=0.150 total_reward=0.400
Running baseline for claim EXP-20049 (medium)...
[START] task=MEDIUM env=corporate-compliance-env model=baseline-agent
[STEP] step=1 action=SearchPolicy reward=-0.05 done=false query="policy"
[STEP] step=2 action=ResolveTicket reward=0.85 done=true decision=Approve reason="No policy violation detected"
[END] steps=2 grader_score=0.200 total_reward=0.800
Running baseline for claim EXP-20059 (medium)...
[START] task=MEDIUM env=corporate-compliance-env model=baseline-agent
[STEP] step=1 action=ResolveTicket reward=0.75 done=true decision=Escalate reason="Employee L7 (L7+): Senior Finance Review (Rule 14)"
[END] steps=1 grader_score=0.200 total_reward=0.750
Running baseline for claim EXP-20010 (easy)...
[START] task=EASY env=corporate-compliance-env model=baseline-agent
[STEP] step=1 action=ResolveTicket reward=1.00 done=true decision=Approve reason="Meal Rs500.0 receipt=yes (Rule 2)"
[END] steps=1 grader_score=0.990 total_reward=1.000
Running baseline for claim EXP-20079 (medium)...
[START] task=MEDIUM env=corporate-compliance-env model=baseline-agent
[STEP] step=1 action=SearchPolicy reward=-0.05 done=false query="policy"
[STEP] step=2 action=ResolveTicket reward=-1.00 done=true decision=Approve reason="No policy violation detected"
[END] steps=2 grader_score=0.200 total_reward=-1.050
Running baseline for claim EXP-20116 (hard)...
[START] task=HARD env=corporate-compliance-env model=baseline-agent
[STEP] step=1 action=ResolveTicket reward=0.40 done=true decision=Escalate reason="Employee L8 (L7+): Senior Finance Review (Rule 14)"
[END] steps=1 grader_score=0.150 total_reward=0.400
Running baseline for claim EXP-20069 (medium)...
[START] task=MEDIUM env=corporate-compliance-env model=baseline-agent
[STEP] step=1 action=SearchPolicy reward=-0.05 done=false query="policy"
[STEP] step=2 action=ResolveTicket reward=0.85 done=true decision=Approve reason="No policy violation detected"
[END] steps=2 grader_score=0.200 total_reward=0.800
Running baseline for claim EXP-20078 (medium)...
[START] task=MEDIUM env=corporate-compliance-env model=baseline-agent
[STEP] step=1 action=SearchPolicy reward=0.15 done=false query="cab"
[STEP] step=2 action=ResolveTicket reward=1.00 done=true decision=Approve reason="Late-night cab (Rule 6)"
[END] steps=2 grader_score=0.990 total_reward=1.150
Running baseline for claim EXP-20053 (medium)...
[START] task=MEDIUM env=corporate-compliance-env model=baseline-agent
[STEP] step=1 action=SearchPolicy reward=0.15 done=false query="cab"
[STEP] step=2 action=ResolveTicket reward=1.00 done=true decision=Approve reason="Late-night cab (Rule 6)"
[END] steps=2 grader_score=0.990 total_reward=1.150
Running baseline for claim EXP-20060 (medium)...
[START] task=MEDIUM env=corporate-compliance-env model=baseline-agent
[STEP] step=1 action=ResolveTicket reward=0.75 done=true decision=Escalate reason="Employee L7 (L7+): Senior Finance Review (Rule 14)"
[END] steps=1 grader_score=0.200 total_reward=0.750
Running baseline for claim EXP-20083 (hard)...
[START] task=HARD env=corporate-compliance-env model=baseline-agent
[STEP] step=1 action=ResolveTicket reward=0.85 done=true decision=Escalate reason="Employee L7 (L7+): Senior Finance Review (Rule 14)"
[END] steps=1 grader_score=0.150 total_reward=0.850
Running baseline for claim EXP-20050 (medium)...
[START] task=MEDIUM env=corporate-compliance-env model=baseline-agent
[STEP] step=1 action=SearchPolicy reward=-0.05 done=false query="policy"
[STEP] step=2 action=RequestInformation reward=0.10 done=false message="Please provide gst_invoice"
[STEP] step=3 action=ResolveTicket reward=-1.00 done=true decision=Approve reason="No policy violation detected"
[END] steps=3 grader_score=0.350 total_reward=-0.950
Running baseline for claim EXP-20007 (easy)...
[START] task=EASY env=corporate-compliance-env model=baseline-agent
[STEP] step=1 action=ResolveTicket reward=1.00 done=true decision=Reject reason="Meal Rs501.0 receipt=no (Rule 2)"
[END] steps=1 grader_score=0.990 total_reward=1.000
Running baseline for claim EXP-20038 (easy)...
[START] task=EASY env=corporate-compliance-env model=baseline-agent
[STEP] step=1 action=ResolveTicket reward=1.00 done=true decision=Reject reason="Alcohol prohibited (Rule 4)"
[END] steps=1 grader_score=0.990 total_reward=1.000
Running baseline for claim EXP-20067 (medium)...
[START] task=MEDIUM env=corporate-compliance-env model=baseline-agent
[STEP] step=1 action=SearchPolicy reward=0.15 done=false query="meal"
[STEP] step=2 action=ResolveTicket reward=1.00 done=true decision=Approve reason="Large meal with documents (Rule 3)"
[END] steps=2 grader_score=0.990 total_reward=1.150
Running baseline for claim EXP-20011 (easy)...
[START] task=EASY env=corporate-compliance-env model=baseline-agent
[STEP] step=1 action=ResolveTicket reward=1.00 done=true decision=Approve reason="Meal under Rs500 (Rule 1)"
[END] steps=1 grader_score=0.990 total_reward=1.000
Running baseline for claim EXP-20113 (hard)...
[START] task=HARD env=corporate-compliance-env model=baseline-agent
[STEP] step=1 action=ResolveTicket reward=0.85 done=true decision=Escalate reason="Employee L7 (L7+): Senior Finance Review (Rule 14)"
[END] steps=1 grader_score=0.150 total_reward=0.850
Running baseline for claim EXP-20076 (medium)...
[START] task=MEDIUM env=corporate-compliance-env model=baseline-agent
[STEP] step=1 action=SearchPolicy reward=0.15 done=false query="daytime cab"
[STEP] step=2 action=RequestInformation reward=0.10 done=false message="Please provide manager_approval"
[STEP] step=3 action=ResolveTicket reward=-1.00 done=true decision=Approve reason="Daytime cab with manager note (Rule 7)"
[END] steps=3 grader_score=0.350 total_reward=-0.750
Running baseline for claim EXP-20085 (hard)...
[START] task=HARD env=corporate-compliance-env model=baseline-agent
[STEP] step=1 action=ResolveTicket reward=0.85 done=true decision=Reject reason="Personal expense (Rule 15)"
[END] steps=1 grader_score=0.150 total_reward=0.850
Running baseline for claim EXP-20021 (easy)...
[START] task=EASY env=corporate-compliance-env model=baseline-agent
[STEP] step=1 action=ResolveTicket reward=1.00 done=true decision=Approve reason="Meal under Rs500 (Rule 1)"
[END] steps=1 grader_score=0.990 total_reward=1.000
Running baseline for claim EXP-20100 (hard)...
[START] task=HARD env=corporate-compliance-env model=baseline-agent
[STEP] step=1 action=ResolveTicket reward=0.85 done=true decision=Reject reason="Personal expense (Rule 15)"
[END] steps=1 grader_score=0.150 total_reward=0.850
Running baseline for claim EXP-20054 (medium)...
[START] task=MEDIUM env=corporate-compliance-env model=baseline-agent
[STEP] step=1 action=SearchPolicy reward=-0.05 done=false query="policy"
[STEP] step=2 action=ResolveTicket reward=-1.00 done=true decision=Approve reason="No policy violation detected"
[END] steps=2 grader_score=0.200 total_reward=-1.050
Running baseline for claim EXP-20102 (hard)...
[START] task=HARD env=corporate-compliance-env model=baseline-agent
[STEP] step=1 action=ResolveTicket reward=0.70 done=true decision=Escalate reason="Employee L7 (L7+): Senior Finance Review (Rule 14)"
[END] steps=1 grader_score=0.150 total_reward=0.700
Running baseline for claim EXP-20084 (hard)...
[START] task=HARD env=corporate-compliance-env model=baseline-agent
[STEP] step=1 action=SearchPolicy reward=-0.05 done=false query="policy"
[STEP] step=2 action=RequestInformation reward=0.10 done=false message="Please provide gst_invoice"
[STEP] step=3 action=ResolveTicket reward=-1.00 done=true decision=Approve reason="No policy violation detected"
[END] steps=3 grader_score=0.350 total_reward=-0.950
Running baseline for claim EXP-20055 (medium)...
[START] task=MEDIUM env=corporate-compliance-env model=baseline-agent
[STEP] step=1 action=SearchPolicy reward=-0.05 done=false query="policy"
[STEP] step=2 action=RequestInformation reward=0.10 done=false message="Please provide gst_invoice"
[STEP] step=3 action=ResolveTicket reward=-1.00 done=true decision=Approve reason="No policy violation detected"
[END] steps=3 grader_score=0.350 total_reward=-0.950
Running baseline for claim EXP-20008 (easy)...
[START] task=EASY env=corporate-compliance-env model=baseline-agent
[STEP] step=1 action=ResolveTicket reward=-1.00 done=true decision=Escalate reason="Employee L7 (L7+): Senior Finance Review (Rule 14)"
[END] steps=1 grader_score=0.450 total_reward=-1.000
Running baseline for claim EXP-20005 (easy)...
[START] task=EASY env=corporate-compliance-env model=baseline-agent
[STEP] step=1 action=ResolveTicket reward=1.00 done=true decision=Escalate reason="Employee L8 (L7+): Senior Finance Review (Rule 14)"
[END] steps=1 grader_score=0.990 total_reward=1.000
Running baseline for claim EXP-20081 (hard)...
[START] task=HARD env=corporate-compliance-env model=baseline-agent
[STEP] step=1 action=SearchPolicy reward=-0.05 done=false query="policy"
[STEP] step=2 action=RequestInformation reward=0.20 done=false message="Please provide manager_approval"
[STEP] step=3 action=ResolveTicket reward=1.00 done=true decision=Approve reason="No policy violation detected"
[END] steps=3 grader_score=0.400 total_reward=1.150
Running baseline for claim EXP-20003 (easy)...
[START] task=EASY env=corporate-compliance-env model=baseline-agent
[STEP] step=1 action=ResolveTicket reward=-1.00 done=true decision=Escalate reason="Employee L8 (L7+): Senior Finance Review (Rule 14)"
[END] steps=1 grader_score=0.450 total_reward=-1.000
Running baseline for claim EXP-20043 (medium)...
[START] task=MEDIUM env=corporate-compliance-env model=baseline-agent
[STEP] step=1 action=ResolveTicket reward=0.75 done=true decision=Escalate reason="Employee L7 (L7+): Senior Finance Review (Rule 14)"
[END] steps=1 grader_score=0.200 total_reward=0.750
Running baseline for claim EXP-20098 (hard)...
[START] task=HARD env=corporate-compliance-env model=baseline-agent
[STEP] step=1 action=ResolveTicket reward=0.85 done=true decision=Escalate reason="Employee L7 (L7+): Senior Finance Review (Rule 14)"
[END] steps=1 grader_score=0.150 total_reward=0.850
Running baseline for claim EXP-20115 (hard)...
[START] task=HARD env=corporate-compliance-env model=baseline-agent
[STEP] step=1 action=ResolveTicket reward=0.85 done=true decision=Reject reason="Personal expense (Rule 15)"
[END] steps=1 grader_score=0.150 total_reward=0.850
Running baseline for claim EXP-20044 (medium)...
[START] task=MEDIUM env=corporate-compliance-env model=baseline-agent
[STEP] step=1 action=SearchPolicy reward=-0.05 done=false query="policy"
[STEP] step=2 action=ResolveTicket reward=-1.00 done=true decision=Approve reason="No policy violation detected"
[END] steps=2 grader_score=0.200 total_reward=-1.050

[SUMMARY] Baseline Results:
  OVERALL: 0.571 (n=120)
  EASY: 0.909 (n=40)
  MEDIUM: 0.478 (n=40)
  HARD: 0.326 (n=40)
